// Jest Snapshot v1, https://goo.gl/fbAQLP

exports[`Snapshot Carousel 1`] = `
<DocumentFragment>
  <div
    class="carouselContainer"
    style="height: 50vh;"
  >
    <div
      class="imageWrapper"
    >
      <img
        alt="This is image-0"
        class="img"
        src="https://media.istockphoto.com/id/1173544006/photo/winding-road.jpg?s=612x612&w=0&k=20&c=_VMEnB08arEsLnbES0knQUWHPrCD8TQFCy99JC4RZIQ="
        style="display: inline-block;"
      />
    </div>
  </div>
</DocumentFragment>
`;
